[INFO] Scanning for projects...
[INFO] 
[INFO] ------------------< com.venturebridge:venturebridge >-------------------
[INFO] Building VentureBridge 0.0.1-SNAPSHOT
[INFO]   from pom.xml
[INFO] --------------------------------[ jar ]---------------------------------
